Archive member included to satisfy reference by file (symbol)

/opt/devkitpro/libgba/lib/libgba.a(input.o)
                              game_state.o (scanKeys)
/opt/devkitpro/libgba/lib/libgba.a(interrupt.o)
                              main.o (irqInit)
/opt/devkitpro/libgba/lib/libgba.a(InterruptDispatcher.o)
                              /opt/devkitpro/libgba/lib/libgba.a(interrupt.o) (IntrMain)
/opt/devkitpro/devkitARM/lib/gcc/arm-none-eabi/4.9.2/thumb/libgcc.a(_udivsi3.o)
                              utils.o (__aeabi_uidiv)
/opt/devkitpro/devkitARM/lib/gcc/arm-none-eabi/4.9.2/thumb/libgcc.a(_divsi3.o)
                              game_state.o (__aeabi_idivmod)
/opt/devkitpro/devkitARM/lib/gcc/arm-none-eabi/4.9.2/thumb/libgcc.a(_dvmd_tls.o)
                              /opt/devkitpro/devkitARM/lib/gcc/arm-none-eabi/4.9.2/thumb/libgcc.a(_udivsi3.o) (__aeabi_idiv0)
/opt/devkitpro/devkitARM/lib/gcc/arm-none-eabi/4.9.2/../../../../arm-none-eabi/lib/thumb/libg.a(lib_a-init.o)
                              /opt/devkitpro/devkitARM/lib/gcc/arm-none-eabi/4.9.2/../../../../arm-none-eabi/lib/thumb/gba_crt0.o (__libc_init_array)
/opt/devkitpro/devkitARM/lib/gcc/arm-none-eabi/4.9.2/../../../../arm-none-eabi/lib/thumb/libg.a(lib_a-itoa.o)
                              game_state.o (itoa)
/opt/devkitpro/devkitARM/lib/gcc/arm-none-eabi/4.9.2/../../../../arm-none-eabi/lib/thumb/libg.a(lib_a-memset.o)
                              graphics.o (memset)
/opt/devkitpro/devkitARM/lib/gcc/arm-none-eabi/4.9.2/../../../../arm-none-eabi/lib/thumb/libg.a(lib_a-rand.o)
                              game_state.o (srand)
/opt/devkitpro/devkitARM/lib/gcc/arm-none-eabi/4.9.2/../../../../arm-none-eabi/lib/thumb/libg.a(lib_a-strcat.o)
                              game_state.o (strcat)
/opt/devkitpro/devkitARM/lib/gcc/arm-none-eabi/4.9.2/../../../../arm-none-eabi/lib/thumb/libg.a(lib_a-strcpy.o)
                              /opt/devkitpro/devkitARM/lib/gcc/arm-none-eabi/4.9.2/../../../../arm-none-eabi/lib/thumb/libg.a(lib_a-strcat.o) (strcpy)
/opt/devkitpro/devkitARM/lib/gcc/arm-none-eabi/4.9.2/../../../../arm-none-eabi/lib/thumb/libg.a(lib_a-time.o)
                              game_state.o (time)
/opt/devkitpro/devkitARM/lib/gcc/arm-none-eabi/4.9.2/../../../../arm-none-eabi/lib/thumb/libg.a(lib_a-utoa.o)
                              /opt/devkitpro/devkitARM/lib/gcc/arm-none-eabi/4.9.2/../../../../arm-none-eabi/lib/thumb/libg.a(lib_a-itoa.o) (__utoa)
/opt/devkitpro/devkitARM/lib/gcc/arm-none-eabi/4.9.2/../../../../arm-none-eabi/lib/thumb/libsysbase.a(gettod.o)
                              /opt/devkitpro/devkitARM/lib/gcc/arm-none-eabi/4.9.2/../../../../arm-none-eabi/lib/thumb/libg.a(lib_a-time.o) (_gettimeofday_r)
/opt/devkitpro/devkitARM/lib/gcc/arm-none-eabi/4.9.2/../../../../arm-none-eabi/lib/thumb/libsysbase.a(malloc_vars.o)
                              /opt/devkitpro/devkitARM/lib/gcc/arm-none-eabi/4.9.2/../../../../arm-none-eabi/lib/thumb/gba_crt0.o (fake_heap_end)
/opt/devkitpro/devkitARM/lib/gcc/arm-none-eabi/4.9.2/../../../../arm-none-eabi/lib/thumb/libsysbase.a(syscall_support.o)
                              /opt/devkitpro/devkitARM/lib/gcc/arm-none-eabi/4.9.2/../../../../arm-none-eabi/lib/thumb/libsysbase.a(gettod.o) (__syscalls)
/opt/devkitpro/devkitARM/lib/gcc/arm-none-eabi/4.9.2/../../../../arm-none-eabi/lib/thumb/libsysbase.a(getreent.o)
                              /opt/devkitpro/devkitARM/lib/gcc/arm-none-eabi/4.9.2/../../../../arm-none-eabi/lib/thumb/libg.a(lib_a-rand.o) (__getreent)
/opt/devkitpro/devkitARM/lib/gcc/arm-none-eabi/4.9.2/thumb/libgcc.a(_muldi3.o)
                              /opt/devkitpro/devkitARM/lib/gcc/arm-none-eabi/4.9.2/../../../../arm-none-eabi/lib/thumb/libg.a(lib_a-rand.o) (__aeabi_lmul)
/opt/devkitpro/devkitARM/lib/gcc/arm-none-eabi/4.9.2/../../../../arm-none-eabi/lib/thumb/libg.a(lib_a-impure.o)
                              /opt/devkitpro/devkitARM/lib/gcc/arm-none-eabi/4.9.2/../../../../arm-none-eabi/lib/thumb/libsysbase.a(getreent.o) (_impure_ptr)

Allocating common symbols
Common symbol       size              file

IntrTable           0x78              /opt/devkitpro/libgba/lib/libgba.a(interrupt.o)

Memory Configuration

Name             Origin             Length             Attributes
rom              0x08000000         0x02000000
iwram            0x03000000         0x00008000
ewram            0x02000000         0x00040000
*default*        0x00000000         0xffffffff

Linker script and memory map

                0x08000000                __text_start = ORIGIN (rom)
                0x02040000                __eheap_end = (ORIGIN (ewram) + 0x40000)
                0x03000000                __iwram_start = ORIGIN (iwram)
                0x03008000                __iwram_top = (ORIGIN (iwram) + 0x8000)
                0x03007fa0                __sp_irq = (__iwram_top - 0x60)
                0x03007f00                __sp_usr = (__sp_irq - 0xa0)
                0x03007ff8                __irq_flags = 0x3007ff8
                0x08000000                . = __text_start

.init           0x08000000      0x21c
 *(.init)
 .init          0x08000000      0x210 /opt/devkitpro/devkitARM/lib/gcc/arm-none-eabi/4.9.2/../../../../arm-none-eabi/lib/thumb/gba_crt0.o
                0x08000000                _start
                0x080000c4                __boot_method
                0x080000c5                __slave_number
                0x080000e0                start_vector
 .init          0x08000210        0x4 /opt/devkitpro/devkitARM/lib/gcc/arm-none-eabi/4.9.2/thumb/crti.o
                0x08000210                _init
 .init          0x08000214        0x8 /opt/devkitpro/devkitARM/lib/gcc/arm-none-eabi/4.9.2/thumb/crtn.o
                0x0800021c                . = ALIGN (0x4)

.plt            0x0800021c        0x0
 *(.plt)
                0x0800021c                . = ALIGN (0x4)

.text           0x08000220     0x3cd8
 *(EXCLUDE_FILE(*.iwram*) .text)
 .text          0x08000220        0x0 /opt/devkitpro/devkitARM/lib/gcc/arm-none-eabi/4.9.2/../../../../arm-none-eabi/lib/thumb/gba_crt0.o
 .text          0x08000220        0x0 /opt/devkitpro/devkitARM/lib/gcc/arm-none-eabi/4.9.2/thumb/crti.o
 .text          0x08000220       0xd4 /opt/devkitpro/devkitARM/lib/gcc/arm-none-eabi/4.9.2/thumb/crtbegin.o
 .text          0x080002f4       0x68 animation.o
                0x080002f4                InitAnimation(AnimationInfo*, int, int, int, int)
                0x0800030c                SetAnimationFrame(AnimationInfo*, int)
                0x0800032c                UpdateAnimation(AnimationInfo*)
 .text          0x0800035c        0x0 background_images.o
 .text          0x0800035c        0x0 background_maps.o
 .text          0x0800035c      0x620 collision.o
                0x08000568                CollideBBox(int, int)
                0x080005d4                CollidePixel(int, int)
                0x080006b0                CollideSprite(int, int, int, int)
                0x0800074c                CollideMask(unsigned long const*, int, int, unsigned long const*, int, int, int, int)
 .text          0x0800097c        0x0 fixedfont.o
 .text          0x0800097c     0x1a70 game_state.o
                0x0800097c                GameState::SetupStage_Level1()
                0x08000c64                GameState::SetupStage(int)
                0x08000c74                GameState::GameState()
                0x08000c74                GameState::GameState()
                0x08000c88                GameState::Update_Level1()
                0x080023a8                GameState::Update()
 .text          0x080023ec      0x280 game_utils.o
                0x080023ec                SetSpriteVideoMode()
                0x080023f8                SetBitmapVideoMode()
                0x08002408                ClearSprites()
                0x08002414                LoadSpriteset(int)
                0x080024ac                ClearBackgrounds()
                0x080024b8                LoadBgTileset(int)
                0x0800254c                LoadBgMap(int)
                0x080025b0                LoadBgImage(int)
 .text          0x0800266c      0x66c graphics.o
                0x0800266c                SetPalette(unsigned short*)
                0x080026c0                PlotPixelOpaque(int, int, unsigned short)
                0x080026d8                PlotPixelTransparent(int, int, unsigned short)
                0x08002718                DrawBitmapTransparent(unsigned short, unsigned short, unsigned short, unsigned short, unsigned short*)
                0x080027ec                DrawBitmapOpaque(unsigned short, unsigned short, unsigned short, unsigned short, unsigned short*)
                0x08002918                DrawFullScreenOpaque(unsigned short*)
                0x0800297c                Flip()
                0x080029b8                EraseScreen()
                0x08002a44                EraseScreenNoPaletteNoFlip()
                0x08002a60                DrawBitmapSectorTransparent(unsigned short, unsigned short, unsigned short, unsigned short, unsigned short, unsigned short, unsigned short, unsigned short, unsigned short*)
                0x08002b60                DrawBitmapSectorOpaque(unsigned short, unsigned short, unsigned short, unsigned short, unsigned short, unsigned short, unsigned short, unsigned short, unsigned short*)
 .text          0x08002cd8       0x14 main.o
                0x08002cd8                InitDevice()
 .text          0x08002cec      0x2f8 object_utils.o
                0x08002cec                InitializeObjects()
                0x08002d28                InitObject(int, int)
                0x08002d88                GetObjectSprite(int)
                0x08002da0                SetObjectSprite(int, int)
                0x08002e18                MoveObjectTo(int, int, int)
                0x08002e54                UpdateScreen()
                0x08002e90                GetObjectLocation(int, int*, int*)
                0x08002eb4                GetObjectSize(int, int*, int*)
                0x08002edc                GetObjectWidth(int)
                0x08002f04                GetObjectHeight(int)
                0x08002f2c                ShowObject(int, bool)
                0x08002f60                IsObjectVisible(int)
                0x08002f80                FlipObject(int, bool, bool, int)
 .text          0x08002fe4        0x0 palettes.o
 .text          0x08002fe4      0x14c sound.o
                0x08002fe4                PlayWhiteNoise(unsigned short)
                0x0800301c                PlayFrequencySweep(unsigned short)
                0x08003064                PlayVolumeSweep(unsigned short)
                0x080030a4                PlayNote(unsigned short, unsigned char)
 .text          0x08003130       0x28 sprites.o
                0x08003130                setAlientoLaser(int, int)
                0x08003144                getAlientoLaser(int)
 .text          0x08003158       0xf8 text.o
                0x08003158                WriteCharacter(unsigned short, unsigned short, unsigned char)
                0x08003188                WriteStringWide(unsigned short, unsigned short, char*)
                0x080031ec                WriteStringNarrow(unsigned short, unsigned short, char*)
 .text          0x08003250      0x110 utils.o
                0x08003250                Itoa(char*, unsigned short)
                0x080032e4                Sleep(int)
                0x080032e8                SeedRandom()
                0x080032fc                NextRandom(long)
                0x08003328                WaitForVblank()
                0x08003338                Initialize()
 .text          0x08003360       0xc0 /opt/devkitpro/libgba/lib/libgba.a(input.o)
                0x08003360                setRepeat
                0x0800336c                scanKeys
                0x080033e4                keysDownRepeat
                0x080033f4                keysDown
                0x08003404                keysUp
                0x08003414                keysHeld
 .text          0x08003420      0x3b0 /opt/devkitpro/libgba/lib/libgba.a(interrupt.o)
                0x08003420                dummy
                0x08003424                InitInterrupt
                0x08003480                irqInit
                0x080034dc                SetInterrupt
                0x080035bc                irqSet
                0x0800369c                EnableInterrupt
                0x080036e8                irqEnable
                0x08003738                DisableInterrupt
                0x08003784                irqDisable
 .text          0x080037d0        0x0 /opt/devkitpro/libgba/lib/libgba.a(InterruptDispatcher.o)
 .text          0x080037d0      0x11c /opt/devkitpro/devkitARM/lib/gcc/arm-none-eabi/4.9.2/thumb/libgcc.a(_udivsi3.o)
                0x080037d0                __udivsi3
                0x080037d0                __aeabi_uidiv
                0x080038cc                __aeabi_uidivmod
 .text          0x080038ec      0x150 /opt/devkitpro/devkitARM/lib/gcc/arm-none-eabi/4.9.2/thumb/libgcc.a(_divsi3.o)
                0x080038ec                __aeabi_idiv
                0x080038ec                __divsi3
                0x08003a1c                __aeabi_idivmod
 .text          0x08003a3c        0x4 /opt/devkitpro/devkitARM/lib/gcc/arm-none-eabi/4.9.2/thumb/libgcc.a(_dvmd_tls.o)
                0x08003a3c                __aeabi_ldiv0
                0x08003a3c                __aeabi_idiv0
 .text          0x08003a40        0x0 /opt/devkitpro/devkitARM/lib/gcc/arm-none-eabi/4.9.2/../../../../arm-none-eabi/lib/thumb/libg.a(lib_a-init.o)
 .text          0x08003a40        0x0 /opt/devkitpro/devkitARM/lib/gcc/arm-none-eabi/4.9.2/../../../../arm-none-eabi/lib/thumb/libg.a(lib_a-itoa.o)
 .text          0x08003a40        0x0 /opt/devkitpro/devkitARM/lib/gcc/arm-none-eabi/4.9.2/../../../../arm-none-eabi/lib/thumb/libg.a(lib_a-memset.o)
 .text          0x08003a40        0x0 /opt/devkitpro/devkitARM/lib/gcc/arm-none-eabi/4.9.2/../../../../arm-none-eabi/lib/thumb/libg.a(lib_a-rand.o)
 .text          0x08003a40        0x0 /opt/devkitpro/devkitARM/lib/gcc/arm-none-eabi/4.9.2/../../../../arm-none-eabi/lib/thumb/libg.a(lib_a-strcat.o)
 .text          0x08003a40        0x0 /opt/devkitpro/devkitARM/lib/gcc/arm-none-eabi/4.9.2/../../../../arm-none-eabi/lib/thumb/libg.a(lib_a-strcpy.o)
 .text          0x08003a40        0x0 /opt/devkitpro/devkitARM/lib/gcc/arm-none-eabi/4.9.2/../../../../arm-none-eabi/lib/thumb/libg.a(lib_a-time.o)
 .text          0x08003a40        0x0 /opt/devkitpro/devkitARM/lib/gcc/arm-none-eabi/4.9.2/../../../../arm-none-eabi/lib/thumb/libg.a(lib_a-utoa.o)
 .text          0x08003a40       0x28 /opt/devkitpro/devkitARM/lib/gcc/arm-none-eabi/4.9.2/../../../../arm-none-eabi/lib/thumb/libsysbase.a(gettod.o)
                0x08003a40                _gettimeofday_r
 .text          0x08003a68        0x0 /opt/devkitpro/devkitARM/lib/gcc/arm-none-eabi/4.9.2/../../../../arm-none-eabi/lib/thumb/libsysbase.a(malloc_vars.o)
 .text          0x08003a68      0x104 /opt/devkitpro/devkitARM/lib/gcc/arm-none-eabi/4.9.2/../../../../arm-none-eabi/lib/thumb/libsysbase.a(syscall_support.o)
                0x08003a68                __libc_lock_init
                0x08003a80                __libc_lock_acquire
                0x08003a98                __libc_lock_try_acquire
                0x08003ab8                __libc_lock_release
                0x08003ad0                __libc_lock_close
                0x08003ae8                __libc_lock_init_recursive
                0x08003b00                __libc_lock_acquire_recursive
                0x08003b18                __libc_lock_try_acquire_recursive
                0x08003b38                __libc_lock_release_recursive
                0x08003b50                __libc_lock_close_recursive
 .text          0x08003b6c       0x28 /opt/devkitpro/devkitARM/lib/gcc/arm-none-eabi/4.9.2/../../../../arm-none-eabi/lib/thumb/libsysbase.a(getreent.o)
                0x08003b6c                __getreent
 .text          0x08003b94       0x60 /opt/devkitpro/devkitARM/lib/gcc/arm-none-eabi/4.9.2/thumb/libgcc.a(_muldi3.o)
                0x08003b94                __aeabi_lmul
                0x08003b94                __muldi3
 .text          0x08003bf4        0x0 /opt/devkitpro/devkitARM/lib/gcc/arm-none-eabi/4.9.2/../../../../arm-none-eabi/lib/thumb/libg.a(lib_a-impure.o)
 .text          0x08003bf4        0x0 /opt/devkitpro/devkitARM/lib/gcc/arm-none-eabi/4.9.2/thumb/crtend.o
 .text          0x08003bf4        0x0 /opt/devkitpro/devkitARM/lib/gcc/arm-none-eabi/4.9.2/thumb/crtn.o
 *(.text .stub .text.* .gnu.linkonce.t.*)
 .text.startup  0x08003bf4       0x2c main.o
                0x08003bf4                main
 .text.__libc_init_array
                0x08003c20       0x58 /opt/devkitpro/devkitARM/lib/gcc/arm-none-eabi/4.9.2/../../../../arm-none-eabi/lib/thumb/libg.a(lib_a-init.o)
                0x08003c20                __libc_init_array
 .text.__itoa   0x08003c78       0x34 /opt/devkitpro/devkitARM/lib/gcc/arm-none-eabi/4.9.2/../../../../arm-none-eabi/lib/thumb/libg.a(lib_a-itoa.o)
                0x08003c78                __itoa
 .text.itoa     0x08003cac        0xc /opt/devkitpro/devkitARM/lib/gcc/arm-none-eabi/4.9.2/../../../../arm-none-eabi/lib/thumb/libg.a(lib_a-itoa.o)
                0x08003cac                itoa
 .text.memset   0x08003cb8       0x98 /opt/devkitpro/devkitARM/lib/gcc/arm-none-eabi/4.9.2/../../../../arm-none-eabi/lib/thumb/libg.a(lib_a-memset.o)
                0x08003cb8                memset
 .text.srand    0x08003d50       0x18 /opt/devkitpro/devkitARM/lib/gcc/arm-none-eabi/4.9.2/../../../../arm-none-eabi/lib/thumb/libg.a(lib_a-rand.o)
                0x08003d50                srand
 .text.rand     0x08003d68       0x38 /opt/devkitpro/devkitARM/lib/gcc/arm-none-eabi/4.9.2/../../../../arm-none-eabi/lib/thumb/libg.a(lib_a-rand.o)
                0x08003d68                rand
 .text.strcat   0x08003da0       0x54 /opt/devkitpro/devkitARM/lib/gcc/arm-none-eabi/4.9.2/../../../../arm-none-eabi/lib/thumb/libg.a(lib_a-strcat.o)
                0x08003da0                strcat
 .text.strcpy   0x08003df4       0x10 /opt/devkitpro/devkitARM/lib/gcc/arm-none-eabi/4.9.2/../../../../arm-none-eabi/lib/thumb/libg.a(lib_a-strcpy.o)
                0x08003df4                strcpy
 .text.time     0x08003e04       0x2c /opt/devkitpro/devkitARM/lib/gcc/arm-none-eabi/4.9.2/../../../../arm-none-eabi/lib/thumb/libg.a(lib_a-time.o)
                0x08003e04                time
 .text.__utoa   0x08003e30       0x90 /opt/devkitpro/devkitARM/lib/gcc/arm-none-eabi/4.9.2/../../../../arm-none-eabi/lib/thumb/libg.a(lib_a-utoa.o)
                0x08003e30                __utoa
 .text.utoa     0x08003ec0        0xc /opt/devkitpro/devkitARM/lib/gcc/arm-none-eabi/4.9.2/../../../../arm-none-eabi/lib/thumb/libg.a(lib_a-utoa.o)
                0x08003ec0                utoa
 *fill*         0x08003ecc        0x4 ff
 .text.utoa.__stub
                0x08003ed0       0x24 linker stubs
 *(.text.*personality*)
 *(.gnu.warning)
 *(.glue_7t)
 .glue_7t       0x08003ef8        0x0 linker stubs
 *(.glue_7)
 .glue_7        0x08003ef8        0x0 linker stubs
 *(.vfp11_veneer)
 .vfp11_veneer  0x08003ef8        0x0 linker stubs
                0x08003ef8                . = ALIGN (0x4)
                0x08003ef8                __text_end = .

.v4_bx          0x08003ef8        0x0
 .v4_bx         0x08003ef8        0x0 linker stubs

.iplt           0x08003ef8        0x0
 .iplt          0x08003ef8        0x0 /opt/devkitpro/devkitARM/lib/gcc/arm-none-eabi/4.9.2/../../../../arm-none-eabi/lib/thumb/gba_crt0.o

.fini           0x08003ef8        0xc
 *(.fini)
 .fini          0x08003ef8        0x4 /opt/devkitpro/devkitARM/lib/gcc/arm-none-eabi/4.9.2/thumb/crti.o
                0x08003ef8                _fini
 .fini          0x08003efc        0x8 /opt/devkitpro/devkitARM/lib/gcc/arm-none-eabi/4.9.2/thumb/crtn.o
                0x08003f04                . = ALIGN (0x4)

.rodata         0x08003f04    0x22670
 *(.rodata)
 .rodata        0x08003f04    0x1c824 background_images.o
                0x08020704                BgImageInfo
 .rodata        0x08020728      0xad8 background_maps.o
                0x08020728                BgMapData
                0x08020f28                BgMapInfo
                0x08020f30                BgTiles
                0x08020ff0                BgTilesetInfo
                0x08020ff8                BgPalettes
                0x080211f8                BgPaletteInfo
 .rodata        0x08021200     0x4200 fixedfont.o
                0x08021200                fixedfontPalette
                0x08021400                fixedfontData
 .rodata        0x08025400       0x50 game_state.o
 .rodata        0x08025450      0x414 palettes.o
                0x08025450                rainbowPalette
                0x08025650                blackPalette
 .rodata        0x08025864      0xc90 sprites.o
                0x08025864                SpriteMasks
                0x08025aa4                SpriteTiles
                0x080262e4                SpritesetInfo
                0x080262ec                SpritePalettes
                0x080264ec                SpritePaletteInfo
 *all.rodata*(*)
 *(.roda)
 *(.rodata.*)
 .rodata.str1.4
                0x080264f4        0x8 game_state.o
 .rodata.str1.4
                0x080264fc       0x46 utils.o
                                 0x48 (size before relaxing)
 *fill*         0x08026542        0x2 ff
 .rodata.str1.4
                0x08026544       0x25 /opt/devkitpro/devkitARM/lib/gcc/arm-none-eabi/4.9.2/../../../../arm-none-eabi/lib/thumb/libg.a(lib_a-utoa.o)
                                 0x28 (size before relaxing)
 *fill*         0x08026569        0x3 ff
 .rodata.str1.4
                0x0802656c        0x4 /opt/devkitpro/devkitARM/lib/gcc/arm-none-eabi/4.9.2/../../../../arm-none-eabi/lib/thumb/libg.a(lib_a-impure.o)
 .rodata._global_impure_ptr
                0x08026570        0x4 /opt/devkitpro/devkitARM/lib/gcc/arm-none-eabi/4.9.2/../../../../arm-none-eabi/lib/thumb/libg.a(lib_a-impure.o)
                0x08026570                _global_impure_ptr
 *(.gnu.linkonce.r*)
                0x08026574                . = ALIGN (0x4)

.ARM.extab
 *(.ARM.extab* .gnu.linkonce.armextab.*)
                0x08026574                __exidx_start = .

.ARM.exidx
 *(.ARM.exidx* .gnu.linkonce.armexidx.*)
                0x08026574                __exidx_end = .

.ctors          0x08026574        0x0
 *crtbegin.o(.ctors)
 *(EXCLUDE_FILE(*crtend.o) .ctors)
 *(SORT(.ctors.*))
 *(.ctors)
                0x08026574                . = ALIGN (0x4)

.dtors          0x08026574        0x0
 *crtbegin.o(.dtors)
 *(EXCLUDE_FILE(*crtend.o) .dtors)
 *(SORT(.dtors.*))
 *(.dtors)
                0x08026574                . = ALIGN (0x4)

.eh_frame       0x08026574        0x4
 *(.eh_frame)
 .eh_frame      0x08026574        0x0 /opt/devkitpro/devkitARM/lib/gcc/arm-none-eabi/4.9.2/thumb/crtbegin.o
 .eh_frame      0x08026574        0x4 /opt/devkitpro/devkitARM/lib/gcc/arm-none-eabi/4.9.2/thumb/crtend.o
                0x08026578                . = ALIGN (0x4)

.gcc_except_table
                0x08026578        0x0
 *(.gcc_except_table)
                0x08026578                . = ALIGN (0x4)
                0x08026578                __iwram_lma = .

.iwram          0x03000000       0xb8 load address 0x08026578
                0x03000000                __iwram_start__ = ABSOLUTE (.)
 *(.iwram)
 .iwram         0x03000000       0xb8 /opt/devkitpro/libgba/lib/libgba.a(InterruptDispatcher.o)
                0x03000000                IntrMain
 *iwram.*(.text)
                0x030000b8                . = ALIGN (0x4)
                0x030000b8                __iwram_end__ = ABSOLUTE (.)
                0x08026630                __data_lma = (__iwram_lma + SIZEOF (.iwram))

.rel.dyn        0x030000b8        0x0 load address 0x08026630
 .rel.iplt      0x030000b8        0x0 /opt/devkitpro/devkitARM/lib/gcc/arm-none-eabi/4.9.2/../../../../arm-none-eabi/lib/thumb/gba_crt0.o

.bss            0x030000b8      0x6f8
                0x030000b8                __bss_start = ABSOLUTE (.)
                0x030000b8                __bss_start__ = ABSOLUTE (.)
 *(.dynbss)
 *(.gnu.linkonce.b*)
 *(.bss*)
 .bss           0x030000b8        0x0 /opt/devkitpro/devkitARM/lib/gcc/arm-none-eabi/4.9.2/../../../../arm-none-eabi/lib/thumb/gba_crt0.o
 .bss           0x030000b8        0x0 /opt/devkitpro/devkitARM/lib/gcc/arm-none-eabi/4.9.2/thumb/crti.o
 .bss           0x030000b8       0x1c /opt/devkitpro/devkitARM/lib/gcc/arm-none-eabi/4.9.2/thumb/crtbegin.o
 .bss           0x030000d4        0x0 animation.o
 .bss           0x030000d4        0x0 background_images.o
 .bss           0x030000d4        0x0 background_maps.o
 .bss           0x030000d4        0x0 collision.o
 .bss           0x030000d4        0x0 fixedfont.o
 .bss           0x030000d4        0x0 game_state.o
 .bss           0x030000d4        0x4 game_utils.o
                0x030000d4                g_keyHeld
                0x030000d6                g_keyPress
 .bss           0x030000d8        0x4 graphics.o
                0x030000d8                videoBuffer
 .bss           0x030000dc        0x0 main.o
 .bss           0x030000dc      0x604 object_utils.o
 .bss           0x030006e0        0x0 palettes.o
 .bss           0x030006e0        0x0 sound.o
 .bss           0x030006e0        0x0 sprites.o
 .bss           0x030006e0        0x0 text.o
 .bss           0x030006e0        0x4 utils.o
                0x030006e0                RAND_RandomData
 .bss           0x030006e4        0xc /opt/devkitpro/libgba/lib/libgba.a(input.o)
 .bss           0x030006f0        0x0 /opt/devkitpro/libgba/lib/libgba.a(interrupt.o)
 .bss           0x030006f0        0x0 /opt/devkitpro/libgba/lib/libgba.a(InterruptDispatcher.o)
 .bss           0x030006f0        0x0 /opt/devkitpro/devkitARM/lib/gcc/arm-none-eabi/4.9.2/thumb/libgcc.a(_udivsi3.o)
 .bss           0x030006f0        0x0 /opt/devkitpro/devkitARM/lib/gcc/arm-none-eabi/4.9.2/thumb/libgcc.a(_divsi3.o)
 .bss           0x030006f0        0x0 /opt/devkitpro/devkitARM/lib/gcc/arm-none-eabi/4.9.2/thumb/libgcc.a(_dvmd_tls.o)
 .bss           0x030006f0        0x0 /opt/devkitpro/devkitARM/lib/gcc/arm-none-eabi/4.9.2/../../../../arm-none-eabi/lib/thumb/libg.a(lib_a-init.o)
 .bss           0x030006f0        0x0 /opt/devkitpro/devkitARM/lib/gcc/arm-none-eabi/4.9.2/../../../../arm-none-eabi/lib/thumb/libg.a(lib_a-itoa.o)
 .bss           0x030006f0        0x0 /opt/devkitpro/devkitARM/lib/gcc/arm-none-eabi/4.9.2/../../../../arm-none-eabi/lib/thumb/libg.a(lib_a-memset.o)
 .bss           0x030006f0        0x0 /opt/devkitpro/devkitARM/lib/gcc/arm-none-eabi/4.9.2/../../../../arm-none-eabi/lib/thumb/libg.a(lib_a-rand.o)
 .bss           0x030006f0        0x0 /opt/devkitpro/devkitARM/lib/gcc/arm-none-eabi/4.9.2/../../../../arm-none-eabi/lib/thumb/libg.a(lib_a-strcat.o)
 .bss           0x030006f0        0x0 /opt/devkitpro/devkitARM/lib/gcc/arm-none-eabi/4.9.2/../../../../arm-none-eabi/lib/thumb/libg.a(lib_a-strcpy.o)
 .bss           0x030006f0        0x0 /opt/devkitpro/devkitARM/lib/gcc/arm-none-eabi/4.9.2/../../../../arm-none-eabi/lib/thumb/libg.a(lib_a-time.o)
 .bss           0x030006f0        0x0 /opt/devkitpro/devkitARM/lib/gcc/arm-none-eabi/4.9.2/../../../../arm-none-eabi/lib/thumb/libg.a(lib_a-utoa.o)
 .bss           0x030006f0        0x0 /opt/devkitpro/devkitARM/lib/gcc/arm-none-eabi/4.9.2/../../../../arm-none-eabi/lib/thumb/libsysbase.a(gettod.o)
 .bss           0x030006f0        0x8 /opt/devkitpro/devkitARM/lib/gcc/arm-none-eabi/4.9.2/../../../../arm-none-eabi/lib/thumb/libsysbase.a(malloc_vars.o)
                0x030006f0                fake_heap_start
                0x030006f4                fake_heap_end
 .bss           0x030006f8       0x40 /opt/devkitpro/devkitARM/lib/gcc/arm-none-eabi/4.9.2/../../../../arm-none-eabi/lib/thumb/libsysbase.a(syscall_support.o)
                0x030006f8                __syscalls
 .bss           0x03000738        0x0 /opt/devkitpro/devkitARM/lib/gcc/arm-none-eabi/4.9.2/../../../../arm-none-eabi/lib/thumb/libsysbase.a(getreent.o)
 .bss           0x03000738        0x0 /opt/devkitpro/devkitARM/lib/gcc/arm-none-eabi/4.9.2/thumb/libgcc.a(_muldi3.o)
 .bss           0x03000738        0x0 /opt/devkitpro/devkitARM/lib/gcc/arm-none-eabi/4.9.2/../../../../arm-none-eabi/lib/thumb/libg.a(lib_a-impure.o)
 .bss           0x03000738        0x0 /opt/devkitpro/devkitARM/lib/gcc/arm-none-eabi/4.9.2/thumb/crtend.o
 .bss           0x03000738        0x0 /opt/devkitpro/devkitARM/lib/gcc/arm-none-eabi/4.9.2/thumb/crtn.o
 *(COMMON)
 COMMON         0x03000738       0x78 /opt/devkitpro/libgba/lib/libgba.a(interrupt.o)
                0x03000738                IntrTable
                0x030007b0                . = ALIGN (0x4)
                0x030007b0                __bss_end__ = ABSOLUTE (.)

.data           0x030007b0      0x524 load address 0x08026630
                0x030007b0                __data_start__ = ABSOLUTE (.)
 *(.data)
 .data          0x030007b0        0x0 /opt/devkitpro/devkitARM/lib/gcc/arm-none-eabi/4.9.2/../../../../arm-none-eabi/lib/thumb/gba_crt0.o
 .data          0x030007b0        0x0 /opt/devkitpro/devkitARM/lib/gcc/arm-none-eabi/4.9.2/thumb/crti.o
 .data          0x030007b0        0x4 /opt/devkitpro/devkitARM/lib/gcc/arm-none-eabi/4.9.2/thumb/crtbegin.o
                0x030007b0                __dso_handle
 .data          0x030007b4        0x0 animation.o
 .data          0x030007b4        0x0 background_images.o
 .data          0x030007b4        0x0 background_maps.o
 .data          0x030007b4        0x0 collision.o
 .data          0x030007b4        0x0 fixedfont.o
 .data          0x030007b4        0x0 game_state.o
 .data          0x030007b4        0x0 game_utils.o
 .data          0x030007b4        0xc graphics.o
                0x030007b4                paletteMem
                0x030007b8                BackBuffer
                0x030007bc                FrontBuffer
 .data          0x030007c0        0x0 main.o
 .data          0x030007c0        0x0 object_utils.o
 .data          0x030007c0        0x0 palettes.o
 .data          0x030007c0        0x0 sound.o
 .data          0x030007c0       0xd8 sprites.o
                0x030007c0                SpriteInfo
 .data          0x03000898        0x0 text.o
 .data          0x03000898        0xc utils.o
                0x03000898                ScanlineCounter
                0x0300089c                KEYS
                0x030008a0                author
 .data          0x030008a4        0x3 /opt/devkitpro/libgba/lib/libgba.a(input.o)
 .data          0x030008a7        0x0 /opt/devkitpro/libgba/lib/libgba.a(interrupt.o)
 .data          0x030008a7        0x0 /opt/devkitpro/libgba/lib/libgba.a(InterruptDispatcher.o)
 .data          0x030008a7        0x0 /opt/devkitpro/devkitARM/lib/gcc/arm-none-eabi/4.9.2/thumb/libgcc.a(_udivsi3.o)
 .data          0x030008a7        0x0 /opt/devkitpro/devkitARM/lib/gcc/arm-none-eabi/4.9.2/thumb/libgcc.a(_divsi3.o)
 .data          0x030008a7        0x0 /opt/devkitpro/devkitARM/lib/gcc/arm-none-eabi/4.9.2/thumb/libgcc.a(_dvmd_tls.o)
 .data          0x030008a7        0x0 /opt/devkitpro/devkitARM/lib/gcc/arm-none-eabi/4.9.2/../../../../arm-none-eabi/lib/thumb/libg.a(lib_a-init.o)
 .data          0x030008a7        0x0 /opt/devkitpro/devkitARM/lib/gcc/arm-none-eabi/4.9.2/../../../../arm-none-eabi/lib/thumb/libg.a(lib_a-itoa.o)
 .data          0x030008a7        0x0 /opt/devkitpro/devkitARM/lib/gcc/arm-none-eabi/4.9.2/../../../../arm-none-eabi/lib/thumb/libg.a(lib_a-memset.o)
 .data          0x030008a7        0x0 /opt/devkitpro/devkitARM/lib/gcc/arm-none-eabi/4.9.2/../../../../arm-none-eabi/lib/thumb/libg.a(lib_a-rand.o)
 .data          0x030008a7        0x0 /opt/devkitpro/devkitARM/lib/gcc/arm-none-eabi/4.9.2/../../../../arm-none-eabi/lib/thumb/libg.a(lib_a-strcat.o)
 .data          0x030008a7        0x0 /opt/devkitpro/devkitARM/lib/gcc/arm-none-eabi/4.9.2/../../../../arm-none-eabi/lib/thumb/libg.a(lib_a-strcpy.o)
 .data          0x030008a7        0x0 /opt/devkitpro/devkitARM/lib/gcc/arm-none-eabi/4.9.2/../../../../arm-none-eabi/lib/thumb/libg.a(lib_a-time.o)
 .data          0x030008a7        0x0 /opt/devkitpro/devkitARM/lib/gcc/arm-none-eabi/4.9.2/../../../../arm-none-eabi/lib/thumb/libg.a(lib_a-utoa.o)
 .data          0x030008a7        0x0 /opt/devkitpro/devkitARM/lib/gcc/arm-none-eabi/4.9.2/../../../../arm-none-eabi/lib/thumb/libsysbase.a(gettod.o)
 .data          0x030008a7        0x0 /opt/devkitpro/devkitARM/lib/gcc/arm-none-eabi/4.9.2/../../../../arm-none-eabi/lib/thumb/libsysbase.a(malloc_vars.o)
 .data          0x030008a7        0x0 /opt/devkitpro/devkitARM/lib/gcc/arm-none-eabi/4.9.2/../../../../arm-none-eabi/lib/thumb/libsysbase.a(syscall_support.o)
 .data          0x030008a7        0x0 /opt/devkitpro/devkitARM/lib/gcc/arm-none-eabi/4.9.2/../../../../arm-none-eabi/lib/thumb/libsysbase.a(getreent.o)
 .data          0x030008a7        0x0 /opt/devkitpro/devkitARM/lib/gcc/arm-none-eabi/4.9.2/thumb/libgcc.a(_muldi3.o)
 .data          0x030008a7        0x0 /opt/devkitpro/devkitARM/lib/gcc/arm-none-eabi/4.9.2/../../../../arm-none-eabi/lib/thumb/libg.a(lib_a-impure.o)
 .data          0x030008a7        0x0 /opt/devkitpro/devkitARM/lib/gcc/arm-none-eabi/4.9.2/thumb/crtend.o
 .data          0x030008a7        0x0 /opt/devkitpro/devkitARM/lib/gcc/arm-none-eabi/4.9.2/thumb/crtn.o
 *(.data.*)
 *fill*         0x030008a7        0x1 ff
 .data.impure_data
                0x030008a8      0x428 /opt/devkitpro/devkitARM/lib/gcc/arm-none-eabi/4.9.2/../../../../arm-none-eabi/lib/thumb/libg.a(lib_a-impure.o)
 .data._impure_ptr
                0x03000cd0        0x4 /opt/devkitpro/devkitARM/lib/gcc/arm-none-eabi/4.9.2/../../../../arm-none-eabi/lib/thumb/libg.a(lib_a-impure.o)
                0x03000cd0                _impure_ptr
 *(.gnu.linkonce.d*)
                0x03000cd4                . = ALIGN (0x4)
                0x08026b54                __preinit_lma = (__data_lma + SIZEOF (.data))

.igot.plt       0x03000cd4        0x0 load address 0x08026b54
 .igot.plt      0x03000cd4        0x0 /opt/devkitpro/devkitARM/lib/gcc/arm-none-eabi/4.9.2/../../../../arm-none-eabi/lib/thumb/gba_crt0.o

.tm_clone_table
                0x03000cd4        0x0 load address 0x08026b54
 .tm_clone_table
                0x03000cd4        0x0 /opt/devkitpro/devkitARM/lib/gcc/arm-none-eabi/4.9.2/thumb/crtbegin.o
 .tm_clone_table
                0x03000cd4        0x0 /opt/devkitpro/devkitARM/lib/gcc/arm-none-eabi/4.9.2/thumb/crtend.o

.preinit_array  0x03000cd4        0x0 load address 0x08026b54
                0x03000cd4                __preinit_array_start = ABSOLUTE (.)
 *(.preinit_array)
                0x03000cd4                __preinit_array_end = ABSOLUTE (.)
                0x08026b54                __init_lma = (__preinit_lma + SIZEOF (.preinit_array))

.init_array     0x03000cd4        0x4 load address 0x08026b54
                0x03000cd4                __init_array_start = ABSOLUTE (.)
 *(SORT(.init_array.*))
 *(.init_array)
 .init_array    0x03000cd4        0x4 /opt/devkitpro/devkitARM/lib/gcc/arm-none-eabi/4.9.2/thumb/crtbegin.o
                0x03000cd8                __init_array_end = ABSOLUTE (.)
                0x08026b58                __fini_lma = (__init_lma + SIZEOF (.init_array))

.fini_array     0x03000cd8        0x4 load address 0x08026b58
                0x03000cd8                __fini_array_start = ABSOLUTE (.)
 *(SORT(.fini_array.*))
 *(.fini_array)
 .fini_array    0x03000cd8        0x4 /opt/devkitpro/devkitARM/lib/gcc/arm-none-eabi/4.9.2/thumb/crtbegin.o
                0x03000cdc                __fini_array_end = ABSOLUTE (.)
                0x08026b5c                __jcr_lma = (__fini_lma + SIZEOF (.fini_array))

.jcr            0x03000cdc        0x4 load address 0x08026b5c
 *(.jcr)
 .jcr           0x03000cdc        0x0 /opt/devkitpro/devkitARM/lib/gcc/arm-none-eabi/4.9.2/thumb/crtbegin.o
 .jcr           0x03000cdc        0x4 /opt/devkitpro/devkitARM/lib/gcc/arm-none-eabi/4.9.2/thumb/crtend.o
                0x03000ce0                __data_end__ = ABSOLUTE (.)
                0x08026b60                __iwram_overlay_lma = (__jcr_lma + SIZEOF (.jcr))
                0x03000ce0                __iwram_overlay_start = .

.iwram0         0x03000ce0        0x0 load address 0x08026b60
 *(.iwram0)
                0x03000ce0                . = ALIGN (0x4)
                0x08026b60                PROVIDE (__load_start_iwram0, LOADADDR (.iwram0))
                0x08026b60                PROVIDE (__load_stop_iwram0, (LOADADDR (.iwram0) + SIZEOF (.iwram0)))

.iwram1         0x03000ce0        0x0
 *(.iwram1)
                0x03000ce0                . = ALIGN (0x4)
                0x03000ce0                PROVIDE (__load_start_iwram1, LOADADDR (.iwram1))
                0x03000ce0                PROVIDE (__load_stop_iwram1, (LOADADDR (.iwram1) + SIZEOF (.iwram1)))

.iwram2         0x03000ce0        0x0
 *(.iwram2)
                0x03000ce0                . = ALIGN (0x4)
                0x03000ce0                PROVIDE (__load_start_iwram2, LOADADDR (.iwram2))
                0x03000ce0                PROVIDE (__load_stop_iwram2, (LOADADDR (.iwram2) + SIZEOF (.iwram2)))

.iwram3         0x03000ce0        0x0
 *(.iwram3)
                0x03000ce0                . = ALIGN (0x4)
                0x03000ce0                PROVIDE (__load_start_iwram3, LOADADDR (.iwram3))
                0x03000ce0                PROVIDE (__load_stop_iwram3, (LOADADDR (.iwram3) + SIZEOF (.iwram3)))

.iwram4         0x03000ce0        0x0
 *(.iwram4)
                0x03000ce0                . = ALIGN (0x4)
                0x03000ce0                PROVIDE (__load_start_iwram4, LOADADDR (.iwram4))
                0x03000ce0                PROVIDE (__load_stop_iwram4, (LOADADDR (.iwram4) + SIZEOF (.iwram4)))

.iwram5         0x03000ce0        0x0
 *(.iwram5)
                0x03000ce0                . = ALIGN (0x4)
                0x03000ce0                PROVIDE (__load_start_iwram5, LOADADDR (.iwram5))
                0x03000ce0                PROVIDE (__load_stop_iwram5, (LOADADDR (.iwram5) + SIZEOF (.iwram5)))

.iwram6         0x03000ce0        0x0
 *(.iwram6)
                0x03000ce0                . = ALIGN (0x4)
                0x03000ce0                PROVIDE (__load_start_iwram6, LOADADDR (.iwram6))
                0x03000ce0                PROVIDE (__load_stop_iwram6, (LOADADDR (.iwram6) + SIZEOF (.iwram6)))

.iwram7         0x03000ce0        0x0
 *(.iwram7)
                0x03000ce0                . = ALIGN (0x4)
                0x03000ce0                PROVIDE (__load_start_iwram7, LOADADDR (.iwram7))
                0x03000ce0                PROVIDE (__load_stop_iwram7, (LOADADDR (.iwram7) + SIZEOF (.iwram7)))

.iwram8         0x03000ce0        0x0
 *(.iwram8)
                0x03000ce0                . = ALIGN (0x4)
                0x03000ce0                PROVIDE (__load_start_iwram8, LOADADDR (.iwram8))
                0x03000ce0                PROVIDE (__load_stop_iwram8, (LOADADDR (.iwram8) + SIZEOF (.iwram8)))

.iwram9         0x03000ce0        0x0
 *(.iwram9)
                0x03000ce0                . = ALIGN (0x4)
                0x03000ce0                PROVIDE (__load_start_iwram9, LOADADDR (.iwram9))
                0x03000ce0                PROVIDE (__load_stop_iwram9, (LOADADDR (.iwram9) + SIZEOF (.iwram9)))
                0x03000ce0                __iwram_overlay_end = .
                0x08026b60                __ewram_lma = (__iwram_overlay_lma + (__iwram_overlay_end - __iwram_overlay_start))
                0x03000ce0                __iheap_start = .
                0x02000000                __ewram_start = ORIGIN (ewram)

.ewram          0x02000000        0x0 load address 0x08026b60
 *(.ewram)
                0x02000000                . = ALIGN (0x4)
                0x02000000                __ewram_end = ABSOLUTE (.)
                0x08026b60                __pad_lma = (__ewram_lma + SIZEOF (.ewram))

.sbss           0x02000000        0x0
                0x02000000                __sbss_start__ = ABSOLUTE (.)
 *(.sbss)
                0x02000000                . = ALIGN (0x4)
                0x02000000                __sbss_end__ = ABSOLUTE (.)
                0x02000000                __end__ = ABSOLUTE (.)
                0x02000000                __eheap_start = ABSOLUTE (.)

.pad            0x02000000        0x8 load address 0x08026b60
                0x02000000        0x4 LONG 0x52416b64
                0x02000004        0x4 LONG 0x4d
                0x02000008                . = ALIGN (0x4)
                0x08026b68                __rom_end__ = (__pad_lma + SIZEOF (.pad))

.stab
 *(.stab)

.stabstr
 *(.stabstr)

.stab.excl
 *(.stab.excl)

.stab.exclstr
 *(.stab.exclstr)

.stab.index
 *(.stab.index)

.stab.indexstr
 *(.stab.indexstr)

.comment        0x00000000       0x22
 *(.comment)
 .comment       0x00000000       0x22 /opt/devkitpro/devkitARM/lib/gcc/arm-none-eabi/4.9.2/thumb/crtbegin.o
                                 0x23 (size before relaxing)
 .comment       0x00000022       0x23 animation.o
 .comment       0x00000022       0x23 background_images.o
 .comment       0x00000022       0x23 background_maps.o
 .comment       0x00000022       0x23 collision.o
 .comment       0x00000022       0x23 fixedfont.o
 .comment       0x00000022       0x23 game_state.o
 .comment       0x00000022       0x23 game_utils.o
 .comment       0x00000022       0x23 graphics.o
 .comment       0x00000022       0x23 main.o
 .comment       0x00000022       0x23 object_utils.o
 .comment       0x00000022       0x23 palettes.o
 .comment       0x00000022       0x23 sound.o
 .comment       0x00000022       0x23 sprites.o
 .comment       0x00000022       0x23 text.o
 .comment       0x00000022       0x23 utils.o
 .comment       0x00000022       0x23 /opt/devkitpro/libgba/lib/libgba.a(input.o)
 .comment       0x00000022       0x23 /opt/devkitpro/libgba/lib/libgba.a(interrupt.o)
 .comment       0x00000022       0x23 /opt/devkitpro/devkitARM/lib/gcc/arm-none-eabi/4.9.2/../../../../arm-none-eabi/lib/thumb/libg.a(lib_a-init.o)
 .comment       0x00000022       0x23 /opt/devkitpro/devkitARM/lib/gcc/arm-none-eabi/4.9.2/../../../../arm-none-eabi/lib/thumb/libg.a(lib_a-itoa.o)
 .comment       0x00000022       0x23 /opt/devkitpro/devkitARM/lib/gcc/arm-none-eabi/4.9.2/../../../../arm-none-eabi/lib/thumb/libg.a(lib_a-memset.o)
 .comment       0x00000022       0x23 /opt/devkitpro/devkitARM/lib/gcc/arm-none-eabi/4.9.2/../../../../arm-none-eabi/lib/thumb/libg.a(lib_a-rand.o)
 .comment       0x00000022       0x23 /opt/devkitpro/devkitARM/lib/gcc/arm-none-eabi/4.9.2/../../../../arm-none-eabi/lib/thumb/libg.a(lib_a-strcat.o)
 .comment       0x00000022       0x23 /opt/devkitpro/devkitARM/lib/gcc/arm-none-eabi/4.9.2/../../../../arm-none-eabi/lib/thumb/libg.a(lib_a-strcpy.o)
 .comment       0x00000022       0x23 /opt/devkitpro/devkitARM/lib/gcc/arm-none-eabi/4.9.2/../../../../arm-none-eabi/lib/thumb/libg.a(lib_a-time.o)
 .comment       0x00000022       0x23 /opt/devkitpro/devkitARM/lib/gcc/arm-none-eabi/4.9.2/../../../../arm-none-eabi/lib/thumb/libg.a(lib_a-utoa.o)
 .comment       0x00000022       0x23 /opt/devkitpro/devkitARM/lib/gcc/arm-none-eabi/4.9.2/../../../../arm-none-eabi/lib/thumb/libsysbase.a(gettod.o)
 .comment       0x00000022       0x23 /opt/devkitpro/devkitARM/lib/gcc/arm-none-eabi/4.9.2/../../../../arm-none-eabi/lib/thumb/libsysbase.a(malloc_vars.o)
 .comment       0x00000022       0x23 /opt/devkitpro/devkitARM/lib/gcc/arm-none-eabi/4.9.2/../../../../arm-none-eabi/lib/thumb/libsysbase.a(syscall_support.o)
 .comment       0x00000022       0x23 /opt/devkitpro/devkitARM/lib/gcc/arm-none-eabi/4.9.2/../../../../arm-none-eabi/lib/thumb/libsysbase.a(getreent.o)
 .comment       0x00000022       0x23 /opt/devkitpro/devkitARM/lib/gcc/arm-none-eabi/4.9.2/thumb/libgcc.a(_muldi3.o)
 .comment       0x00000022       0x23 /opt/devkitpro/devkitARM/lib/gcc/arm-none-eabi/4.9.2/../../../../arm-none-eabi/lib/thumb/libg.a(lib_a-impure.o)
 .comment       0x00000022       0x23 /opt/devkitpro/devkitARM/lib/gcc/arm-none-eabi/4.9.2/thumb/crtend.o

.debug
 *(.debug)

.line
 *(.line)

.debug_srcinfo
 *(.debug_srcinfo)

.debug_sfnames
 *(.debug_sfnames)

.debug_aranges  0x00000000      0x228
 *(.debug_aranges)
 .debug_aranges
                0x00000000       0x20 animation.o
 .debug_aranges
                0x00000020       0x18 background_images.o
 .debug_aranges
                0x00000038       0x18 background_maps.o
 .debug_aranges
                0x00000050       0x20 collision.o
 .debug_aranges
                0x00000070       0x18 fixedfont.o
 .debug_aranges
                0x00000088       0x20 game_state.o
 .debug_aranges
                0x000000a8       0x20 game_utils.o
 .debug_aranges
                0x000000c8       0x20 graphics.o
 .debug_aranges
                0x000000e8       0x28 main.o
 .debug_aranges
                0x00000110       0x20 object_utils.o
 .debug_aranges
                0x00000130       0x18 palettes.o
 .debug_aranges
                0x00000148       0x20 sound.o
 .debug_aranges
                0x00000168       0x20 sprites.o
 .debug_aranges
                0x00000188       0x20 text.o
 .debug_aranges
                0x000001a8       0x20 utils.o
 .debug_aranges
                0x000001c8       0x20 /opt/devkitpro/libgba/lib/libgba.a(input.o)
 .debug_aranges
                0x000001e8       0x20 /opt/devkitpro/libgba/lib/libgba.a(interrupt.o)
 .debug_aranges
                0x00000208       0x20 /opt/devkitpro/libgba/lib/libgba.a(InterruptDispatcher.o)

.debug_pubnames
 *(.debug_pubnames)

.debug_info     0x00000000     0x6b9c
 *(.debug_info)
 .debug_info    0x00000000      0x18a animation.o
 .debug_info    0x0000018a      0x1cc background_images.o
 .debug_info    0x00000356      0x297 background_maps.o
 .debug_info    0x000005ed      0xde6 collision.o
 .debug_info    0x000013d3       0x99 fixedfont.o
 .debug_info    0x0000146c     0x2593 game_state.o
 .debug_info    0x000039ff      0xa80 game_utils.o
 .debug_info    0x0000447f      0x7b0 graphics.o
 .debug_info    0x00004c2f      0x760 main.o
 .debug_info    0x0000538f      0x6ca object_utils.o
 .debug_info    0x00005a59       0x98 palettes.o
 .debug_info    0x00005af1      0x139 sound.o
 .debug_info    0x00005c2a      0x388 sprites.o
 .debug_info    0x00005fb2      0x2f2 text.o
 .debug_info    0x000062a4      0x268 utils.o
 .debug_info    0x0000650c      0x238 /opt/devkitpro/libgba/lib/libgba.a(input.o)
 .debug_info    0x00006744      0x3e6 /opt/devkitpro/libgba/lib/libgba.a(interrupt.o)
 .debug_info    0x00006b2a       0x72 /opt/devkitpro/libgba/lib/libgba.a(InterruptDispatcher.o)

.debug_abbrev   0x00000000     0x1899
 *(.debug_abbrev)
 .debug_abbrev  0x00000000       0xf7 animation.o
 .debug_abbrev  0x000000f7       0xc7 background_images.o
 .debug_abbrev  0x000001be       0xa0 background_maps.o
 .debug_abbrev  0x0000025e      0x251 collision.o
 .debug_abbrev  0x000004af       0x5d fixedfont.o
 .debug_abbrev  0x0000050c      0x3c8 game_state.o
 .debug_abbrev  0x000008d4      0x22a game_utils.o
 .debug_abbrev  0x00000afe      0x207 graphics.o
 .debug_abbrev  0x00000d05      0x218 main.o
 .debug_abbrev  0x00000f1d      0x1dd object_utils.o
 .debug_abbrev  0x000010fa       0x4c palettes.o
 .debug_abbrev  0x00001146       0xa4 sound.o
 .debug_abbrev  0x000011ea      0x121 sprites.o
 .debug_abbrev  0x0000130b      0x135 text.o
 .debug_abbrev  0x00001440      0x191 utils.o
 .debug_abbrev  0x000015d1      0x100 /opt/devkitpro/libgba/lib/libgba.a(input.o)
 .debug_abbrev  0x000016d1      0x1b4 /opt/devkitpro/libgba/lib/libgba.a(interrupt.o)
 .debug_abbrev  0x00001885       0x14 /opt/devkitpro/libgba/lib/libgba.a(InterruptDispatcher.o)

.debug_line     0x00000000     0x2036
 *(.debug_line)
 .debug_line    0x00000000       0xd1 animation.o
 .debug_line    0x000000d1       0xab background_images.o
 .debug_line    0x0000017c       0xa7 background_maps.o
 .debug_line    0x00000223      0x246 collision.o
 .debug_line    0x00000469       0x7e fixedfont.o
 .debug_line    0x000004e7      0xb53 game_state.o
 .debug_line    0x0000103a      0x2bf game_utils.o
 .debug_line    0x000012f9      0x218 graphics.o
 .debug_line    0x00001511      0x166 main.o
 .debug_line    0x00001677      0x215 object_utils.o
 .debug_line    0x0000188c       0x7d palettes.o
 .debug_line    0x00001909       0xcc sound.o
 .debug_line    0x000019d5       0xdb sprites.o
 .debug_line    0x00001ab0       0xd6 text.o
 .debug_line    0x00001b86       0xc9 utils.o
 .debug_line    0x00001c4f      0x15c /opt/devkitpro/libgba/lib/libgba.a(input.o)
 .debug_line    0x00001dab      0x1fd /opt/devkitpro/libgba/lib/libgba.a(interrupt.o)
 .debug_line    0x00001fa8       0x8e /opt/devkitpro/libgba/lib/libgba.a(InterruptDispatcher.o)

.debug_frame    0x00000000      0x838
 *(.debug_frame)
 .debug_frame   0x00000000       0x58 animation.o
 .debug_frame   0x00000058       0xd8 collision.o
 .debug_frame   0x00000130       0xb0 game_state.o
 .debug_frame   0x000001e0       0xc4 game_utils.o
 .debug_frame   0x000002a4      0x164 graphics.o
 .debug_frame   0x00000408       0x44 main.o
 .debug_frame   0x0000044c      0x128 object_utils.o
 .debug_frame   0x00000574       0x5c sound.o
 .debug_frame   0x000005d0       0x30 sprites.o
 .debug_frame   0x00000600       0x78 text.o
 .debug_frame   0x00000678       0x90 utils.o
 .debug_frame   0x00000708       0x80 /opt/devkitpro/libgba/lib/libgba.a(input.o)
 .debug_frame   0x00000788       0xb0 /opt/devkitpro/libgba/lib/libgba.a(interrupt.o)

.debug_str      0x00000000     0x1e98
 *(.debug_str)
 .debug_str     0x00000000      0x21d animation.o
                                0x241 (size before relaxing)
 .debug_str     0x0000021d      0x1d1 background_images.o
                                0x279 (size before relaxing)
 .debug_str     0x000003ee      0x1bd background_maps.o
                                0x317 (size before relaxing)
 .debug_str     0x000005ab      0x374 collision.o
                                0x4d8 (size before relaxing)
 .debug_str     0x0000091f       0x7d fixedfont.o
                                0x161 (size before relaxing)
 .debug_str     0x0000099c      0x7c0 game_state.o
                                0xbde (size before relaxing)
 .debug_str     0x0000115c      0x2c1 game_utils.o
                                0x8ef (size before relaxing)
 .debug_str     0x0000141d      0x2e4 graphics.o
                                0x435 (size before relaxing)
 .debug_str     0x00001701      0x148 main.o
                                0x7d5 (size before relaxing)
 .debug_str     0x00001849      0x13b object_utils.o
                                0x5d2 (size before relaxing)
 .debug_str     0x00001984       0x6c palettes.o
                                0x15d (size before relaxing)
 .debug_str     0x000019f0       0xf6 sound.o
                                0x1f2 (size before relaxing)
 .debug_str     0x00001ae6       0x84 sprites.o
                                0x42d (size before relaxing)
 .debug_str     0x00001b6a       0xaa text.o
                                0x216 (size before relaxing)
 .debug_str     0x00001c14       0xe0 utils.o
                                0x267 (size before relaxing)
 .debug_str     0x00001cf4       0xae /opt/devkitpro/libgba/lib/libgba.a(input.o)
                                0x198 (size before relaxing)
 .debug_str     0x00001da2       0xf6 /opt/devkitpro/libgba/lib/libgba.a(interrupt.o)
                                0x296 (size before relaxing)

.debug_loc      0x00000000     0x48a8
 *(.debug_loc)
 .debug_loc     0x00000000       0xab animation.o
 .debug_loc     0x000000ab     0x19b1 collision.o
 .debug_loc     0x00001a5c     0x1203 game_state.o
 .debug_loc     0x00002c5f      0x3cc game_utils.o
 .debug_loc     0x0000302b      0xbc0 graphics.o
 .debug_loc     0x00003beb      0x397 object_utils.o
 .debug_loc     0x00003f82       0xa9 sound.o
 .debug_loc     0x0000402b       0x42 sprites.o
 .debug_loc     0x0000406d      0x20d text.o
 .debug_loc     0x0000427a      0x102 utils.o
 .debug_loc     0x0000437c       0x27 /opt/devkitpro/libgba/lib/libgba.a(input.o)
 .debug_loc     0x000043a3      0x505 /opt/devkitpro/libgba/lib/libgba.a(interrupt.o)

.debug_macinfo
 *(.debug_macinfo)

.debug_weaknames
 *(.debug_weaknames)

.debug_funcnames
 *(.debug_funcnames)

.debug_typenames
 *(.debug_typenames)

.debug_varnames
 *(.debug_varnames)

.stack          0x00080000        0x0
                0x00080000                _stack = .
 *(.stack)

.note.gnu.arm.ident
 *(.note.gnu.arm.ident)

.ARM.attributes
                0x00000000       0x2b
 *(.ARM.attributes)
 .ARM.attributes
                0x00000000       0x16 /opt/devkitpro/devkitARM/lib/gcc/arm-none-eabi/4.9.2/../../../../arm-none-eabi/lib/thumb/gba_crt0.o
 .ARM.attributes
                0x00000016       0x16 /opt/devkitpro/devkitARM/lib/gcc/arm-none-eabi/4.9.2/thumb/crti.o
 .ARM.attributes
                0x0000002c       0x30 /opt/devkitpro/devkitARM/lib/gcc/arm-none-eabi/4.9.2/thumb/crtbegin.o
 .ARM.attributes
                0x0000005c       0x2c animation.o
 .ARM.attributes
                0x00000088       0x2c background_images.o
 .ARM.attributes
                0x000000b4       0x2c background_maps.o
 .ARM.attributes
                0x000000e0       0x2c collision.o
 .ARM.attributes
                0x0000010c       0x2c fixedfont.o
 .ARM.attributes
                0x00000138       0x2c game_state.o
 .ARM.attributes
                0x00000164       0x2c game_utils.o
 .ARM.attributes
                0x00000190       0x2c graphics.o
 .ARM.attributes
                0x000001bc       0x2c main.o
 .ARM.attributes
                0x000001e8       0x2c object_utils.o
 .ARM.attributes
                0x00000214       0x2c palettes.o
 .ARM.attributes
                0x00000240       0x2c sound.o
 .ARM.attributes
                0x0000026c       0x2c sprites.o
 .ARM.attributes
                0x00000298       0x2c text.o
 .ARM.attributes
                0x000002c4       0x2c utils.o
 .ARM.attributes
                0x000002f0       0x30 /opt/devkitpro/libgba/lib/libgba.a(input.o)
 .ARM.attributes
                0x00000320       0x30 /opt/devkitpro/libgba/lib/libgba.a(interrupt.o)
 .ARM.attributes
                0x00000350       0x16 /opt/devkitpro/libgba/lib/libgba.a(InterruptDispatcher.o)
 .ARM.attributes
                0x00000366       0x18 /opt/devkitpro/devkitARM/lib/gcc/arm-none-eabi/4.9.2/thumb/libgcc.a(_udivsi3.o)
 .ARM.attributes
                0x0000037e       0x18 /opt/devkitpro/devkitARM/lib/gcc/arm-none-eabi/4.9.2/thumb/libgcc.a(_divsi3.o)
 .ARM.attributes
                0x00000396       0x16 /opt/devkitpro/devkitARM/lib/gcc/arm-none-eabi/4.9.2/thumb/libgcc.a(_dvmd_tls.o)
 .ARM.attributes
                0x000003ac       0x30 /opt/devkitpro/devkitARM/lib/gcc/arm-none-eabi/4.9.2/../../../../arm-none-eabi/lib/thumb/libg.a(lib_a-init.o)
 .ARM.attributes
                0x000003dc       0x30 /opt/devkitpro/devkitARM/lib/gcc/arm-none-eabi/4.9.2/../../../../arm-none-eabi/lib/thumb/libg.a(lib_a-itoa.o)
 .ARM.attributes
                0x0000040c       0x30 /opt/devkitpro/devkitARM/lib/gcc/arm-none-eabi/4.9.2/../../../../arm-none-eabi/lib/thumb/libg.a(lib_a-memset.o)
 .ARM.attributes
                0x0000043c       0x30 /opt/devkitpro/devkitARM/lib/gcc/arm-none-eabi/4.9.2/../../../../arm-none-eabi/lib/thumb/libg.a(lib_a-rand.o)
 .ARM.attributes
                0x0000046c       0x30 /opt/devkitpro/devkitARM/lib/gcc/arm-none-eabi/4.9.2/../../../../arm-none-eabi/lib/thumb/libg.a(lib_a-strcat.o)
 .ARM.attributes
                0x0000049c       0x30 /opt/devkitpro/devkitARM/lib/gcc/arm-none-eabi/4.9.2/../../../../arm-none-eabi/lib/thumb/libg.a(lib_a-strcpy.o)
 .ARM.attributes
                0x000004cc       0x30 /opt/devkitpro/devkitARM/lib/gcc/arm-none-eabi/4.9.2/../../../../arm-none-eabi/lib/thumb/libg.a(lib_a-time.o)
 .ARM.attributes
                0x000004fc       0x30 /opt/devkitpro/devkitARM/lib/gcc/arm-none-eabi/4.9.2/../../../../arm-none-eabi/lib/thumb/libg.a(lib_a-utoa.o)
 .ARM.attributes
                0x0000052c       0x30 /opt/devkitpro/devkitARM/lib/gcc/arm-none-eabi/4.9.2/../../../../arm-none-eabi/lib/thumb/libsysbase.a(gettod.o)
 .ARM.attributes
                0x0000055c       0x30 /opt/devkitpro/devkitARM/lib/gcc/arm-none-eabi/4.9.2/../../../../arm-none-eabi/lib/thumb/libsysbase.a(malloc_vars.o)
 .ARM.attributes
                0x0000058c       0x30 /opt/devkitpro/devkitARM/lib/gcc/arm-none-eabi/4.9.2/../../../../arm-none-eabi/lib/thumb/libsysbase.a(syscall_support.o)
 .ARM.attributes
                0x000005bc       0x30 /opt/devkitpro/devkitARM/lib/gcc/arm-none-eabi/4.9.2/../../../../arm-none-eabi/lib/thumb/libsysbase.a(getreent.o)
 .ARM.attributes
                0x000005ec       0x30 /opt/devkitpro/devkitARM/lib/gcc/arm-none-eabi/4.9.2/thumb/libgcc.a(_muldi3.o)
 .ARM.attributes
                0x0000061c       0x30 /opt/devkitpro/devkitARM/lib/gcc/arm-none-eabi/4.9.2/../../../../arm-none-eabi/lib/thumb/libg.a(lib_a-impure.o)
 .ARM.attributes
                0x0000064c       0x30 /opt/devkitpro/devkitARM/lib/gcc/arm-none-eabi/4.9.2/thumb/crtend.o
 .ARM.attributes
                0x0000067c       0x16 /opt/devkitpro/devkitARM/lib/gcc/arm-none-eabi/4.9.2/thumb/crtn.o

/DISCARD/
 *(.note.GNU-stack)
LOAD /opt/devkitpro/devkitARM/lib/gcc/arm-none-eabi/4.9.2/../../../../arm-none-eabi/lib/thumb/gba_crt0.o
LOAD /opt/devkitpro/devkitARM/lib/gcc/arm-none-eabi/4.9.2/thumb/crti.o
LOAD /opt/devkitpro/devkitARM/lib/gcc/arm-none-eabi/4.9.2/thumb/crtbegin.o
LOAD animation.o
LOAD background_images.o
LOAD background_maps.o
LOAD collision.o
LOAD fixedfont.o
LOAD game_state.o
LOAD game_utils.o
LOAD graphics.o
LOAD main.o
LOAD object_utils.o
LOAD palettes.o
LOAD sound.o
LOAD sprites.o
LOAD text.o
LOAD utils.o
LOAD /opt/devkitpro/libgba/lib/libgba.a
LOAD /opt/devkitpro/devkitARM/lib/gcc/arm-none-eabi/4.9.2/../../../../arm-none-eabi/lib/thumb/libstdc++.a
LOAD /opt/devkitpro/devkitARM/lib/gcc/arm-none-eabi/4.9.2/../../../../arm-none-eabi/lib/thumb/libm.a
START GROUP
LOAD /opt/devkitpro/devkitARM/lib/gcc/arm-none-eabi/4.9.2/thumb/libgcc.a
LOAD /opt/devkitpro/devkitARM/lib/gcc/arm-none-eabi/4.9.2/../../../../arm-none-eabi/lib/thumb/libg.a
LOAD /opt/devkitpro/devkitARM/lib/gcc/arm-none-eabi/4.9.2/../../../../arm-none-eabi/lib/thumb/libc.a
LOAD /opt/devkitpro/devkitARM/lib/gcc/arm-none-eabi/4.9.2/../../../../arm-none-eabi/lib/thumb/libsysbase.a
END GROUP
LOAD /opt/devkitpro/devkitARM/lib/gcc/arm-none-eabi/4.9.2/thumb/crtend.o
LOAD /opt/devkitpro/devkitARM/lib/gcc/arm-none-eabi/4.9.2/thumb/crtn.o
OUTPUT(/home/jcartlidge/Desktop/Gameboy_Advance_Stuff/Space_Monsters/Demo3/code/code.elf elf32-littlearm)

.debug_ranges   0x00000000      0xa68
 .debug_ranges  0x00000000      0x3c8 collision.o
 .debug_ranges  0x000003c8      0x2d8 game_state.o
 .debug_ranges  0x000006a0       0xa8 game_utils.o
 .debug_ranges  0x00000748      0x1e0 graphics.o
 .debug_ranges  0x00000928       0x18 main.o
 .debug_ranges  0x00000940       0x20 sound.o
 .debug_ranges  0x00000960       0x80 text.o
 .debug_ranges  0x000009e0       0x20 utils.o
 .debug_ranges  0x00000a00       0x68 /opt/devkitpro/libgba/lib/libgba.a(interrupt.o)
